--------------------------------------------------------------------------------------
Timing Analyzer Summary
--------------------------------------------------------------------------------------

Type           : Worst-case tsu
Slack          : N/A
Required Time  : None
Actual Time    : 3.658 ns
From           : SW[0]
To             : gozer_du:inst20|inst
From Clock     : --
To Clock       : STOPPER_CLK
Failed Paths   : 0

Type           : Worst-case tco
Slack          : N/A
Required Time  : None
Actual Time    : 8.421 ns
From           : inst8
To             : led5
From Clock     : STOPPER_CLK
To Clock       : --
Failed Paths   : 0

Type           : Worst-case th
Slack          : N/A
Required Time  : None
Actual Time    : -2.330 ns
From           : SW[6]
To             : gozer_du:inst32|inst
From Clock     : --
To Clock       : STOPPER_CLK
Failed Paths   : 0

Type           : Clock Setup: 'STOPPER_CLK'
Slack          : N/A
Required Time  : None
Actual Time    : Restricted to 500.00 MHz ( period = 2.000 ns )
From           : inst13
To             : inst13
From Clock     : STOPPER_CLK
To Clock       : STOPPER_CLK
Failed Paths   : 0

Type           : Clock Hold: 'STOPPER_CLK'
Slack          : Not operational: Clock Skew > Data Delay
Required Time  : None
Actual Time    : N/A
From           : gozer_du:inst24|inst
To             : inst9
From Clock     : STOPPER_CLK
To Clock       : STOPPER_CLK
Failed Paths   : 51

Type           : Total number of failed paths
Slack          : 
Required Time  : 
Actual Time    : 
From           : 
To             : 
From Clock     : 
To Clock       : 
Failed Paths   : 51

--------------------------------------------------------------------------------------

